Copyright 1986-2022 Xilinx, Inc. All Rights Reserved. Copyright 2022-2023 Advanced Micro Devices, Inc. All Rights Reserved.
---------------------------------------------------------------------------------------------------------------------------------------------
| Tool Version : Vivado v.2023.1 (win64) Build 3865809 Sun May  7 15:05:29 MDT 2023
| Date         : Tue Dec  5 14:31:39 2023
| Host         : LAPTOP-V3ASLSR1 running 64-bit major release  (build 9200)
| Command      : report_incremental_reuse -file top_incremental_reuse_routed.rpt
| Design       : top
| Device       : xc7k325t
| Design State : Routed
---------------------------------------------------------------------------------------------------------------------------------------------

Incremental Implementation Information

Table of Contents
-----------------
1. Incremental Flow Summary
2. Reuse Summary
3. Reference Checkpoint Information
4. Comparison with Reference Run
5. Optimization Comparison With Reference Run
5.1 iphys_opt_replay Optimizations
5.2 QoR Suggestion Optimizations
6. Command Comparison with Reference Run
6.1 Reference:
6.2 Incremental:
7. Non Reuse Information

1. Incremental Flow Summary
---------------------------

+-----------------------+------------------+
|    Flow Information   |       Value      |
+-----------------------+------------------+
| Synthesis Flow        |          Default |
| Auto Incremental      |              Yes |
| Incremental Directive | RuntimeOptimized |
| Target WNS            |              0.0 |
| QoR Suggestions       |                0 |
+-----------------------+------------------+


2. Reuse Summary
----------------

+-------+------------------------------+------------------------------------+----------------------------+--------------------+-------+
|  Type | Matched % (of Initial Total) | Initial Reuse % (of Initial Total) | Current Reuse % (of Total) | Fixed % (of Total) | Total |
+-------+------------------------------+------------------------------------+----------------------------+--------------------+-------+
| Cells |                        98.67 |                              98.87 |                      98.13 |               0.33 | 11882 |
| Nets  |                        98.51 |                              95.22 |                      93.37 |               0.00 |  7606 |
| Pins  |                            - |                              87.71 |                      76.10 |                  - | 47679 |
| Ports |                       100.00 |                             100.00 |                     100.00 |             100.00 |    48 |
+-------+------------------------------+------------------------------------+----------------------------+--------------------+-------+


3. Reference Checkpoint Information
-----------------------------------

+----------------+-------------------------------------------------------------------------------------------+
| DCP Location:  | C:/code/ComputerArchitecture/Lab/Lab5/src/Exp5.srcs/utils_1/imports/impl_1/top_routed.dcp |
+----------------+-------------------------------------------------------------------------------------------+


+--------------------------------+----------------------------+
|         DCP Information        |            Value           |
+--------------------------------+----------------------------+
| Vivado Version                 |                     2023.1 |
| DCP State                      |                 POST_ROUTE |
| Recorded WNS                   |                      0.994 |
| Recorded WHS                   |                      0.063 |
| Reference Speed File Version   | PRODUCTION 1.12 2017-02-17 |
| Incremental Speed File Version | PRODUCTION 1.12 2017-02-17 |
+--------------------------------+----------------------------+
* Recorded WNS/WHS timing numbers are estimated timing numbers. They may vary slightly from sign-off timing numbers.


4. Comparison with Reference Run
--------------------------------

+-----------------+---------------------------+---------------------------+---------------------------+
|                 |          WNS(ns)          |  Runtime(elapsed)(hh:mm)  |    Runtime(cpu)(hh:mm)    |
+-----------------+-------------+-------------+-------------+-------------+-------------+-------------+
|      Stage      |  Reference  | Incremental |  Reference  | Incremental |  Reference  | Incremental |
+-----------------+-------------+-------------+-------------+-------------+-------------+-------------+
| synth_design    |             |             |     < 1 min |       00:01 |     < 1 min |     < 1 min |
| opt_design      |             |             |     < 1 min |     < 1 min |     < 1 min |     < 1 min |
| read_checkpoint |             |             |     < 1 min |     < 1 min |     < 1 min |     < 1 min |
| place_design    |       0.994 |       0.720 |     < 1 min |     < 1 min |     < 1 min |     < 1 min |
| route_design    |       0.997 |       0.824 |     < 1 min |       00:01 |     < 1 min |       00:01 |
+-----------------+-------------+-------------+-------------+-------------+-------------+-------------+


5. Optimization Comparison With Reference Run
---------------------------------------------

5.1 iphys_opt_replay Optimizations
----------------------------------

+-------------------------+--------+------------+
| iphys_opt_design replay | Reused | Not Reused |
+-------------------------+--------+------------+


5.2 QoR Suggestion Optimizations
--------------------------------

+-----------------+-------+
| QoR Suggestions | Value |
+-----------------+-------+


6. Command Comparison with Reference Run
----------------------------------------

6.1 Reference:
--------------
synth_design-verilog_define default::[not_specified] -top  top -part  xc7k325tffg676-2L 
opt_design
read_checkpoint -directive RuntimeOptimized  -incremental -auto_incremental C:/code/ComputerArchitecture/Lab/Lab5/src/Exp5.srcs/utils_1/imports/impl_1/top_routed.dcp
place_design
route_design

6.2 Incremental:
----------------
synth_design-verilog_define default::[not_specified] -top  top -part  xc7k325tffg676-2L 
opt_design
read_checkpoint -directive RuntimeOptimized  -incremental -auto_incremental C:/code/ComputerArchitecture/Lab/Lab5/src/Exp5.srcs/utils_1/imports/impl_1/top_routed.dcp
place_design
route_design

7. Non Reuse Information
------------------------

+------------------------------------------------------+------+
|                         Type                         |   %  |
+------------------------------------------------------+------+
| Non-Reused Cells                                     | 1.86 |
|   New                                                | 0.92 |
|   Discarded illegal placement due to netlist changes | 0.15 |
|   Discarded to improve timing                        | 0.78 |
| Partially reused nets                                | 0.00 |
| Non-Reused nets                                      | 6.62 |
| Non-Reused Ports                                     | 0.00 |
+------------------------------------------------------+------+


